// Jest Snapshot v1, https://goo.gl/fbAQLP

exports[`<CommentOptions /> rendering renders correctly 1`] = `undefined`;
